progrem args: ''
version: NetRexx 5.10 20 Mar 2026
source: Java method OdePipe.nrx
............................................................
'The course of true love never did run smooth' -- A Midsummer Night's Dream
'Love looks not with the eyes, but with the mind; and therefore is winged Cupid painted blind' -- dream
'All the world's a stage, and all the men and women merely players' -- As You Like It
'There is nothing either good or bad, but thinking makes it so' -- Hamlet
'We are such stuff as dreams are made on, and our little life is rounded with a sleep' -- The Tempest
'The fool doth think he is wise, but the wise man knows himself to be a fool' -- As You Like It

............................................................
J1RoZSBjb3Vyc2Ugb2YgdHJ1ZSBsb3ZlIG5ldmVyIGRpZCBydW4gc21vb3RoJyAtLSBBIE1pZHN1
bW1lciBOaWdodCdzIERyZWFt

J0xvdmUgbG9va3Mgbm90IHdpdGggdGhlIGV5ZXMsIGJ1dCB3aXRoIHRoZSBtaW5kOyBhbmQgdGhl
cmVmb3JlIGlzIHdpbmdlZCBDdXBpZCBwYWludGVkIGJsaW5kJyAtLSBkcmVhbQ==

J0FsbCB0aGUgd29ybGQncyBhIHN0YWdlLCBhbmQgYWxsIHRoZSBtZW4gYW5kIHdvbWVuIG1lcmVs
eSBwbGF5ZXJzJyAtLSBBcyBZb3UgTGlrZSBJdA==

J1RoZXJlIGlzIG5vdGhpbmcgZWl0aGVyIGdvb2Qgb3IgYmFkLCBidXQgdGhpbmtpbmcgbWFrZXMg
aXQgc28nIC0tIEhhbWxldA==

J1dlIGFyZSBzdWNoIHN0dWZmIGFzIGRyZWFtcyBhcmUgbWFkZSBvbiwgYW5kIG91ciBsaXR0bGUg
bGlmZSBpcyByb3VuZGVkIHdpdGggYSBzbGVlcCcgLS0gVGhlIFRlbXBlc3Q=

J1RoZSBmb29sIGRvdGggdGhpbmsgaGUgaXMgd2lzZSwgYnV0IHRoZSB3aXNlIG1hbiBrbm93cyBo
aW1zZWxmIHRvIGJlIGEgZm9vbCcgLS0gQXMgWW91IExpa2UgSXQ=

............................................................

Pipelines for NetRexx version 5.10 (Version.Release/Mod) - Generated 20260320-1410
Pipelines for NetRexx version 5.10

............................................................
'The course of true love never did run smooth' -- A Midsummer Night's Dream
'Love looks not with the eyes, but with the mind; and therefore is winged Cupid painted blind' -- dream
'All the world's a stage, and all the men and women merely players' -- As You Like It
'There is nothing either good or bad, but thinking makes it so' -- Hamlet
'We are such stuff as dreams are made on, and our little life is rounded with a sleep' -- The Tempest
'The fool doth think he is wise, but the wise man knows himself to be a fool' -- As You Like It
............................................................


Exec: OdePipe
Return code: 0

